******************************************************************************
                  TI ARM Linker PC v18.12.1                    
******************************************************************************
>> Linked Tue Jul 30 11:36:23 2019

OUTPUT FILE NAME:   <capturepwmdisplay_CC3220SF_LAUNCHXL_tirtos_ccs.out>
ENTRY POINT SYMBOL: "_c_int00"  address: 01005ab1


MEMORY CONFIGURATION

         name            origin    length      used     unused   attr    fill
----------------------  --------  ---------  --------  --------  ----  --------
  FLASH_HDR             01000000   000007ff  00000000  000007ff  R  X
  FLASH                 01000800   000ff800  000079f0  000f7e10  R  X
  SRAM                  20000000   00040000  00009bd5  0003642b  RW X


SEGMENT ALLOCATION MAP

run origin  load origin   length   init length attrs members
----------  ----------- ---------- ----------- ----- -------
01000800    01000800    000079f8   000079f8    r-x
  01000800    01000800    0000003c   0000003c    r-- .resetVecs
  01000840    01000840    00006e52   00006e52    r-x .text
  01007694    01007694    0000091a   0000091a    r-- .const
  01007fb0    01007fb0    00000248   00000248    r-- .cinit
20000310    20000310    00008000   00000000    r--
  20000310    20000310    00008000   00000000    r-- .priheap
20008310    20008310    000014c9   00000000    rw-
  20008310    20008310    00000e08   00000000    rw- .bss
  20009118    20009118    000006c1   00000000    rw- .data
2003fc00    2003fc00    00000400   00000000    rw-
  2003fc00    2003fc00    00000400   00000000    rw- .stack


SECTION ALLOCATION MAP

 output                                  attributes/
section   page    origin      length       input sections
--------  ----  ----------  ----------   ----------------
.text      0    01000840    00006e52     
                  01000840    00000473     sysbios.aem4 : BIOS.obj (.text:xdc_runtime_System_doPrint__I)
                  01000cb3    00000001     --HOLE-- [fill = 0]
                  01000cb4    0000042c     driverlib.a : prcm.obj (.text:PRCMCC3200MCUInit)
                  010010e0    00000278     drivers_cc32xx.aem4 : UARTCC32XX.oem4 (.text:UARTCC32XX_open)
                  01001358    000001b6     rtsv7M4_T_le_eabi.lib : fd_add_t2.asm.obj (.text)
                  0100150e    00000002     drivers_cc32xx.aem4 : CaptureCC32XX.oem4 (.text:CaptureCC32XX_init)
                  01001510    00000170     release_pem4.oem4 (.text:xdc_runtime_System_printfExtend__I)
                  01001680    0000014c     dpl_cc32xx.aem4 : PowerCC32XX_tirtos.oem4 (.text:PowerCC32XX_sleepPolicy)
                  010017cc    00000148     drivers_cc32xx.aem4 : PowerCC32XX.oem4 (.text:parkPins)
                  01001914    00000140                         : PWMTimerCC32XX.oem4 (.text:PWMTimerCC32XX_setDutyAndPeriod)
                  01001a54    00000004     dpl_cc32xx.aem4 : ClockP_tirtos.oem4 (.text:ClockP_getCpuFreq)
                  01001a58    00000130     sysbios.aem4 : BIOS.obj (.text:ti_sysbios_knl_Semaphore_pend__E)
                  01001b88    0000012c     capturepwmdisplay.obj (.text:mainThread)
                  01001cb4    00000120     drivers_cc32xx.aem4 : UARTCC32XX.oem4 (.text:UARTCC32XX_close)
                  01001dd4    0000011c                         : PowerCC32XX.oem4 (.text:Power_sleep)
                  01001ef0    0000011c     sysbios.aem4 : BIOS.obj (.text:xdc_runtime_Startup_startMods__I)
                  0100200c    00000004     dpl_cc32xx.aem4 : ClockP_tirtos.oem4 (.text:ClockP_setTimeout)
                  01002010    00000110     sysbios.aem4 : BIOS.obj (.text:ti_sysbios_knl_Task_postInit__I)
                  01002120    0000010c     main_tirtos.obj (.text:main)
                  0100222c    00000004     dpl_cc32xx.aem4 : ClockP_tirtos.oem4 (.text:ClockP_start)
                  01002230    00000104     sysbios.aem4 : BIOS.obj (.text:ti_sysbios_knl_Task_Instance_finalize__E)
                  01002334    000000fc     rtsv7M4_T_le_eabi.lib : fd_mul_t2.asm.obj (.text)
                  01002430    000000fc     sysbios.aem4 : BIOS.obj (.text:ti_sysbios_knl_Task_Instance_init__E)
                  0100252c    000000f2     drivers_cc32xx.aem4 : UARTCC32XX.oem4 (.text:UARTCC32XX_control)
                  0100261e    00000002     display.aem4 : DisplayUart.oem4 (.text:DisplayUartMin_clear)
                  01002620    000000f0     drivers_cc32xx.aem4 : PWMTimerCC32XX.oem4 (.text:PWMTimerCC32XX_open)
                  01002710    000000f0     sysbios.aem4 : BIOS.obj (.text:pthread_create)
                  01002800    000000e0     drivers_cc32xx.aem4 : CaptureCC32XX.oem4 (.text:CaptureCC32XX_open)
                  010028e0    000000d0     sysbios.aem4 : m3_Hwi_asm.obj (.text:ti_sysbios_family_arm_m3_Hwi_dispatch__I)
                  010029b0    000000d0                  : BIOS.obj (.text:ti_sysbios_heaps_HeapMem_alloc__E)
                  01002a80    000000ca     drivers_cc32xx.aem4 : UARTCC32XX.oem4 (.text:UARTCC32XX_write)
                  01002b4a    00000002     display.aem4 : DisplayUart.oem4 (.text:DisplayUartMin_clearLines)
                  01002b4c    000000c8     capturepwmdisplay.obj (.text:generateSignal)
                  01002c14    000000c4     drivers_cc32xx.aem4 : PWMTimerCC32XX.oem4 (.text:PWMTimerCC32XX_stop)
                  01002cd8    000000c4     sysbios.aem4 : BIOS.obj (.text:ti_sysbios_knl_Task_sleep__E)
                  01002d9c    000000c0     drivers_cc32xx.aem4 : PowerCC32XX.oem4 (.text:restoreParkedPins)
                  01002e5c    00000004     dpl_cc32xx.aem4 : ClockP_tirtos.oem4 (.text:ClockP_stop)
                  01002e60    000000bc     sysbios.aem4 : BIOS.obj (.text:xdc_runtime_Core_createObject__I)
                  01002f1c    000000ba     drivers_cc32xx.aem4 : UARTCC32XX.oem4 (.text:UARTCC32XX_readPolling)
                  01002fd6    00000002     display.aem4 : DisplayUart.oem4 (.text:DisplayUartMin_init)
                  01002fd8    000000b8     drivers_cc32xx.aem4 : PWMTimerCC32XX.oem4 (.text:PWMTimerCC32XX_setDuty)
                  01003090    000000b8                         : UARTCC32XX.oem4 (.text:initHw)
                  01003148    000000b6                         : UARTCC32XX.oem4 (.text:readTaskCallback)
                  010031fe    000000ae                         : UARTCC32XX.oem4 (.text:readIsrTextBlocking)
                  010032ac    000000a8                         : PowerCC32XX.oem4 (.text:PowerCC32XX_configureWakeup)
                  01003354    000000a8                         : UARTCC32XX.oem4 (.text:readTaskBlocking)
                  010033fc    000000a4                         : PWMTimerCC32XX.oem4 (.text:initHw)
                  010034a0    000000a4     sysbios.aem4 : BIOS.obj (.text:ti_sysbios_knl_Task_setPri__E)
                  01003544    000000a2     drivers_cc32xx.aem4 : UARTCC32XX.oem4 (.text:readIsrTextCallback)
                  010035e6    000000a2                         : UARTCC32XX.oem4 (.text:writeData)
                  01003688    000000a0     auto_init.aem4 : auto_init.oem4 (.text)
                  01003728    0000009c     sysbios.aem4 : BIOS.obj (.text:_pthread_removeThreadKeys)
                  010037c4    0000009c     rtsv7M4_T_le_eabi.lib : memcpy_t2.asm.obj (.text)
                  01003860    00000098     drivers_cc32xx.aem4 : PWMTimerCC32XX.oem4 (.text:PWMTimerCC32XX_setPeriod)
                  010038f8    00000098     sysbios.aem4 : BIOS.obj (.text:ti_sysbios_family_arm_m3_Hwi_Instance_init__E)
                  01003990    00000096     rtsv7M4_T_le_eabi.lib : ull_div_t2.asm.obj (.text)
                  01003a26    00000002     drivers_cc32xx.aem4 : PWMTimerCC32XX.oem4 (.text:PWMTimerCC32XX_init)
                  01003a28    00000094     sysbios.aem4 : BIOS.obj (.text:ti_sysbios_knl_Task_exit__E)
                  01003abc    00000090     drivers_cc32xx.aem4 : CaptureCC32XX.oem4 (.text:CaptureCC32XX_hwiIntFunction)
                  01003b4c    00000090                         : PowerCC32XX.oem4 (.text:restoreNVICRegs)
                  01003bdc    00000004     dpl_cc32xx.aem4 : HwiP_tirtos.oem4 (.text:HwiP_disable)
                  01003be0    00000090     sysbios.aem4 : BIOS.obj (.text:ti_sysbios_knl_Task_Module_startup__E)
                  01003c70    0000008c                  : BIOS.obj (.text:xdc_runtime_Memory_alloc__E)
                  01003cfc    00000088     drivers_cc32xx.aem4 : PWMTimerCC32XX.oem4 (.text:PWMTimerCC32XX_close)
                  01003d84    00000088     driverlib.a : pin.obj (.text:PinConfigSet)
                  01003e0c    00000004     dpl_cc32xx.aem4 : SemaphoreP_tirtos.oem4 (.text:SemaphoreP_post)
                  01003e10    00000088     sysbios.aem4 : BIOS.obj (.text:ti_sysbios_family_arm_m3_Hwi_initNVIC__E)
                  01003e98    00000088                  : BIOS.obj (.text:ti_sysbios_family_arm_m3_TaskSupport_start__E)
                  01003f20    00000086     rtsv7M4_T_le_eabi.lib : fd_cmp_t2.asm.obj (.text:__aeabi_cdcmple)
                  01003fa6    00000086                           : fd_cmp_t2.asm.obj (.text:__aeabi_cdrcmple)
                  0100402c    00000004     dpl_cc32xx.aem4 : SystemP_tirtos.oem4 (.text:SystemP_vsnprintf)
                  01004030    00000086     sysbios.aem4 : BIOS.obj (.text:xdc_runtime_Core_constructObject__I)
                  010040b6    00000002     drivers_cc32xx.aem4 : UARTCC32XX.oem4 (.text:UARTCC32XX_init)
                  010040b8    00000084                         : PowerCC32XX.oem4 (.text:Power_init)
                  0100413c    00000084                         : PowerCC32XX.oem4 (.text:saveNVICRegs)
                  010041c0    00000084     sysbios.aem4 : BIOS.obj (.text:ti_sysbios_family_arm_m3_Hwi_postInit__I)
                  01004244    00000004     release_pem4.oem4 (.text:ti_sysbios_BIOS_RtsGateProxy_enter__E)
                  01004248    00000084     sysbios.aem4 : BIOS.obj (.text:ti_sysbios_heaps_HeapMem_free__E)
                  010042cc    00000080     drivers_cc32xx.aem4 : PowerCC32XX.oem4 (.text:Power_setDependency)
                  0100434c    00000004     release_pem4.oem4 (.text:ti_sysbios_BIOS_RtsGateProxy_leave__E)
                  01004350    00000080     sysbios.aem4 : BIOS.obj (.text:ti_sysbios_knl_Clock_workFunc__E)
                  010043d0    0000007c     drivers_cc32xx.aem4 : CaptureCC32XX.oem4 (.text:CaptureCC32XX_start)
                  0100444c    0000007c                         : UARTCC32XX.oem4 (.text:readIsrBinaryBlocking)
                  010044c8    0000007a     rtsv7M4_T_le_eabi.lib : memset_t2.asm.obj (.text)
                  01004542    00000002                           : _lock.c.obj (.text:_nop)
                  01004544    00000078     drivers_cc32xx.aem4 : CaptureCC32XX.oem4 (.text:initHw)
                  010045bc    00000078                         : UARTCC32XX.oem4 (.text:readIsrBinaryCallback)
                  01004634    00000004     release_pem4.oem4 (.text:ti_sysbios_family_arm_m3_Hwi_delete)
                  01004638    00000075     sysbios.aem4 : BIOS.obj (.text:xdc_runtime_System_formatNum__I)
                  010046ad    00000001     --HOLE-- [fill = 0]
                  010046ae    00000074     drivers_cc32xx.aem4 : UARTCC32XX.oem4 (.text:UARTCC32XX_hwiIntFxn)
                  01004722    00000006                         : CaptureCC32XX.oem4 (.text:CaptureCC32XX_control)
                  01004728    00000074     sysbios.aem4 : BIOS.obj (.text:xdc_runtime_Core_deleteObject__I)
                  0100479c    00000004     release_pem4.oem4 (.text:ti_sysbios_family_arm_m3_TaskSupport_Module__startupDone__S)
                  010047a0    00000070     sysbios.aem4 : BIOS.obj (.text:ti_sysbios_heaps_HeapMem_initPrimary__I)
                  01004810    0000006c     drivers_cc32xx.aem4 : CaptureCC32XX.oem4 (.text:CaptureCC32XX_close)
                  0100487c    00000004     release_pem4.oem4 (.text:ti_sysbios_heaps_HeapMem_Module_GateProxy_enter__E)
                  01004880    0000006c     sysbios.aem4 : BIOS.obj (.text:ti_sysbios_knl_Swi_restoreHwi__E)
                  010048ec    00000068     drivers_cc32xx.aem4 : PWMTimerCC32XX.oem4 (.text:PWMTimerCC32XX_start)
                  01004954    00000068     rtsv7M4_T_le_eabi.lib : copy_decompress_lzss.c.obj (.text:decompress:lzss:__TI_decompress_lzss)
                  010049bc    00000004     release_pem4.oem4 (.text:ti_sysbios_heaps_HeapMem_Module_GateProxy_leave__E)
                  010049c0    00000068     sysbios.aem4 : BIOS.obj (.text:pthread_exit)
                  01004a28    00000066     drivers_cc32xx.aem4 : UARTCC32XX.oem4 (.text:UARTCC32XX_writeCancel)
                  01004a8e    00000002     rtsv7M4_T_le_eabi.lib : div0.asm.obj (.text)
                  01004a90    00000064     drivers_cc32xx.aem4 : PowerCC32XX.oem4 (.text:PowerCC32XX_setParkState)
                  01004af4    00000004     release_pem4.oem4 (.text:ti_sysbios_knl_Clock_TimerProxy_getMaxTicks__E)
                  01004af8    00000064     sysbios.aem4 : BIOS.obj (.text:ti_sysbios_family_arm_m3_Hwi_dispatchC__I)
                  01004b5c    00000062     drivers_cc32xx.aem4 : UARTCC32XX.oem4 (.text:UARTCC32XX_writePolling)
                  01004bbe    00000002     release_pem4.oem4 (.text:ti_sysbios_BIOS_nullFunc__I)
                  01004bc0    00000060     driverlib.a : prcm.obj (.text:PRCMSysResetCauseGet)
                  01004c20    00000060     sysbios.aem4 : BIOS.obj (.text:ti_sysbios_knl_Semaphore_post__E)
                  01004c80    00000060                  : BIOS.obj (.text:ti_sysbios_knl_Swi_run__I)
                  01004ce0    0000005c     drivers_cc32xx.aem4 : CaptureCC32XX.oem4 (.text:CaptureCC32XX_stop)
                  01004d3c    0000005c     display.aem4 : Display.oem4 (.text:Display_doOpen)
                  01004d98    0000005c     sysbios.aem4 : BIOS.obj (.text:ti_sysbios_family_arm_m3_Timer_start__E)
                  01004df4    00000004     release_pem4.oem4 (.text:ti_sysbios_knl_Clock_TimerProxy_setPeriodMicroSecs__E)
                  01004df8    0000005c     sysbios.aem4 : BIOS.obj (.text:ti_sysbios_knl_Swi_schedule__I)
                  01004e54    00000004     release_pem4.oem4 (.text:ti_sysbios_knl_Clock_TimerProxy_start__E)
                  01004e58    0000005c     sysbios.aem4 : BIOS.obj (.text:ti_sysbios_knl_Task_startCore__E)
                  01004eb4    00000004     release_pem4.oem4 (.text:ti_sysbios_knl_Clock_TimerProxy_stop__E)
                  01004eb8    0000005c     sysbios.aem4 : BIOS.obj (.text:xdc_runtime_Startup_exec__E)
                  01004f14    00000058     driverlib.a : prcm.obj (.text:PRCMPeripheralReset)
                  01004f6c    00000058     drivers_cc32xx.aem4 : PowerCC32XX.oem4 (.text:Power_releaseDependency)
                  01004fc4    00000054                         : UARTCC32XX.oem4 (.text:ringBufGet)
                  01005018    00000054     release_pem4.oem4 (.text:ti_sysbios_family_arm_m3_Hwi_create)
                  0100506c    00000004     release_pem4.oem4 (.text:ti_sysbios_knl_Clock_delete)
                  01005070    00000054     sysbios.aem4 : BIOS.obj (.text:ti_sysbios_family_arm_m3_Timer_setPeriod__E)
                  010050c4    00000004     release_pem4.oem4 (.text:ti_sysbios_knl_Semaphore_delete)
                  010050c8    00000054     sysbios.aem4 : BIOS.obj (.text:xdc_runtime_Core_assignLabel__I)
                  0100511c    00000052     drivers_cc32xx.aem4 : PowerCC32XX_asm.oem4 (.text:PowerCC32XX_resumeLPDS)
                  0100516e    00000002     release_pem4.oem4 (.text:xdc_runtime_Startup_reset__I)
                  01005170    00000050     dpl_cc32xx.aem4 : ClockP_tirtos.oem4 (.text:ClockP_create)
                  010051c0    00000050     drivers_cc32xx.aem4 : TimerCC32XX.oem4 (.text:TimerCC32XX_allocateTimerResource)
                  01005210    00000050     sysbios.aem4 : BIOS.obj (.text:ti_sysbios_family_arm_m3_Hwi_Module_startup__E)
                  01005260    00000050     release_pem4.oem4 (.text:ti_sysbios_knl_Task_create)
                  010052b0    0000004c     drivers_cc32xx.aem4 : PowerCC32XX.oem4 (.text:PowerCC32XX_parkPin)
                  010052fc    0000004c     rtsv7M4_T_le_eabi.lib : cpy_tbl.c.obj (.text:copy_in)
                  01005348    0000004c     drivers_cc32xx.aem4 : PWMTimerCC32XX.oem4 (.text:getDutyCounts)
                  01005394    0000004c                         : PWMTimerCC32XX.oem4 (.text:getPeriodCounts)
                  010053e0    0000004c                         : PowerCC32XX.oem4 (.text:restorePeriphClocks)
                  0100542c    00000004     release_pem4.oem4 (.text:ti_sysbios_knl_Task_delete)
                  01005430    0000004c     sysbios.aem4 : BIOS.obj (.text:ti_sysbios_heaps_HeapMem_getStats__E)
                  0100547c    00000004     release_pem4.oem4 (.text:xdc_runtime_System_Module_GateProxy_enter__E)
                  01005480    0000004c     sysbios.aem4 : BIOS.obj (.text:ti_sysbios_knl_Swi_runLoop__I)
                  010054cc    00000004     release_pem4.oem4 (.text:xdc_runtime_System_Module_GateProxy_leave__E)
                  010054d0    0000004c     sysbios.aem4 : BIOS.obj (.text:ti_sysbios_knl_Task_allBlockedFunction__I)
                  0100551c    00000004     --HOLE-- [fill = 0]
                  01005520    0000004c                  : BIOS.obj (.text:ti_sysbios_knl_Task_schedule__I)
                  0100556c    0000004a     display.aem4 : DisplayUart.oem4 (.text:DisplayUartMin_open)
                  010055b6    00000002     --HOLE-- [fill = 0]
                  010055b8    00000048     driverlib.a : flash.obj (.text:FlashDisable)
                  01005600    00000048                 : prcm.obj (.text:PRCMLPDSEnter)
                  01005648    00000048                 : prcm.obj (.text:PRCMPeripheralClkEnable)
                  01005690    00000048     drivers_cc32xx.aem4 : PowerCC32XX.oem4 (.text:Power_releaseConstraint)
                  010056d8    00000048     rtsv7M4_T_le_eabi.lib : fd_toi_t2.asm.obj (.text)
                  01005720    00000048     sysbios.aem4 : BIOS.obj (.text:ti_sysbios_family_arm_m3_Hwi_disableInterrupt__E)
                  01005768    00000048                  : BIOS.obj (.text:ti_sysbios_family_arm_m3_Hwi_enableInterrupt__E)
                  010057b0    00000048                  : m3_Hwi_asm_switch.obj (.text:ti_sysbios_family_arm_m3_Hwi_initStacks__E)
                  010057f8    00000048                  : BIOS.obj (.text:ti_sysbios_family_arm_m3_Timer_initDevice__I)
                  01005840    00000048                  : BIOS.obj (.text:ti_sysbios_knl_Mailbox_Module_startup__E)
                  01005888    00000048                  : BIOS.obj (.text:xdc_runtime_Core_assignParams__I)
                  010058d0    00000046     display.aem4 : DisplayUart.oem4 (.text:DisplayUartMin_vprintf)
                  01005916    00000046     drivers_cc32xx.aem4 : RingBuf.oem4 (.text:RingBuf_put)
                  0100595c    00000044                         : Capture.oem4 (.text:Capture_init)
                  010059a0    00000044     driverlib.a : prcm.obj (.text:PRCMLPDSRestoreInfoSet)
                  010059e4    00000044     drivers_cc32xx.aem4 : PWM.oem4 (.text:PWM_init)
                  01005a28    00000044                         : PowerCC32XX_asm.oem4 (.text:PowerCC32XX_enterLPDS)
                  01005a6c    00000044                         : UART.oem4 (.text:UART_init)
                  01005ab0    00000044     boot.aem4 : boot.oem4 (.text)
                  01005af4    00000044     rtsv7M4_T_le_eabi.lib : fd_tou_t2.asm.obj (.text)
                  01005b38    00000044     sysbios.aem4 : BIOS.obj (.text:ti_sysbios_family_arm_m3_Hwi_getStackInfo__E)
                  01005b7c    00000004     --HOLE-- [fill = 0]
                  01005b80    00000044                  : BIOS.obj (.text:ti_sysbios_knl_Mailbox_postInit__I)
                  01005bc4    00000004     --HOLE-- [fill = 0]
                  01005bc8    00000044                  : BIOS.obj (.text:ti_sysbios_knl_Swi_post__E)
                  01005c0c    00000004     --HOLE-- [fill = 0]
                  01005c10    00000044                  : BIOS.obj (.text:xdc_runtime_System_atexit__E)
                  01005c54    00000040     drivers_cc32xx.aem4 : Capture.oem4 (.text:Capture_open)
                  01005c94    00000040     dpl_cc32xx.aem4 : HwiP_tirtos.oem4 (.text:HwiP_create)
                  01005cd4    00000040     drivers_cc32xx.aem4 : PWM.oem4 (.text:PWM_open)
                  01005d14    00000040     driverlib.a : pin.obj (.text:PinModeSet)
                  01005d54    00000040     drivers_cc32xx.aem4 : RingBuf.oem4 (.text:RingBuf_get)
                  01005d94    00000040                         : UARTCC32XX.oem4 (.text:UARTCC32XX_read)
                  01005dd4    00000040                         : UART.oem4 (.text:UART_open)
                  01005e14    00000040     rtsv7M4_T_le_eabi.lib : u_divt2.asm.obj (.text)
                  01005e54    00000004     --HOLE-- [fill = 0]
                  01005e58    00000040     sysbios.aem4 : BIOS.obj (.text:ti_sysbios_heaps_HeapMem_Instance_init__E)
                  01005e98    00000040                  : BIOS.obj (.text:ti_sysbios_knl_Clock_Instance_init__E)
                  01005ed8    0000003c     drivers_cc32xx.aem4 : PowerCC32XX.oem4 (.text:Power_setConstraint)
                  01005f14    0000003c     dpl_cc32xx.aem4 : SemaphoreP_tirtos.oem4 (.text:SemaphoreP_create)
                  01005f50    0000003c     sysbios.aem4 : BIOS.obj (.text:ti_sysbios_family_arm_m3_Hwi_Instance_finalize__E)
                  01005f8c    00000004     --HOLE-- [fill = 0]
                  01005f90    0000003c                  : BIOS.obj (.text:ti_sysbios_family_arm_m3_Timer_setPeriodMicroSecs__E)
                  01005fcc    0000003c     release_pem4.oem4 (.text:ti_sysbios_knl_Clock_create)
                  01006008    0000003c     sysbios.aem4 : BIOS.obj (.text:ti_sysbios_knl_Clock_walkQueuePeriodic__E)
                  01006044    00000004     --HOLE-- [fill = 0]
                  01006048    0000003c                  : BIOS.obj (.text:ti_sysbios_knl_Swi_restore__E)
                  01006084    00000004     --HOLE-- [fill = 0]
                  01006088    0000003c                  : BIOS.obj (.text:usleep)
                  010060c4    00000004     --HOLE-- [fill = 0]
                  010060c8    0000003c                  : BIOS.obj (.text:xdc_runtime_System_processAtExit__E)
                  01006104    0000003a     dpl_cc32xx.aem4 : PowerCC32XX_tirtos.oem4 (.text:getCountsRTC)
                  0100613e    0000003a     drivers_cc32xx.aem4 : CaptureCC32XX.oem4 (.text:getPowerMgrId)
                  01006178    0000003a                         : PWMTimerCC32XX.oem4 (.text:getPowerMgrId)
                  010061b2    00000002     --HOLE-- [fill = 0]
                  010061b4    00000038     driverlib.a : prcm.obj (.text:PRCMLPDSEnterKeepDebugIf)
                  010061ec    00000038     drivers_cc32xx.aem4 : PowerCC32XX.oem4 (.text:notify)
                  01006224    00000038     rtsv7M4_T_le_eabi.lib : fs_tod_t2.asm.obj (.text)
                  0100625c    00000004     --HOLE-- [fill = 0]
                  01006260    00000038     sysbios.aem4 : BIOS.obj (.text:ti_sysbios_knl_Task_processVitalTaskFlag__I)
                  01006298    00000036     driverlib.a : timer.obj (.text:TimerControlStall)
                  010062ce    00000036     drivers_cc32xx.aem4 : UARTCC32XX.oem4 (.text:UARTCC32XX_readCancel)
                  01006304    00000034     driverlib.a : pin.obj (.text:PinModeGet)
                  01006338    00000034     drivers_cc32xx.aem4 : PowerCC32XX.oem4 (.text:PowerCC32XX_restoreParkState)
                  0100636c    00000034                         : TimerCC32XX.oem4 (.text:TimerCC32XX_freeTimerResource)
                  010063a0    00000034     sysbios.aem4 : BIOS.obj (.text:_pthread_delete$41)
                  010063d4    00000034     drivers_cc32xx.aem4 : TimerCC32XX.oem4 (.text:getPowerMgrId)
                  01006408    00000034     sysbios.aem4 : BIOS.obj (.text:ti_sysbios_family_arm_m3_Timer_periodicStub__I)
                  0100643c    00000034     release_pem4.oem4 (.text:ti_sysbios_knl_Semaphore_create)
                  01006470    00000032     sysbios.aem4 : BIOS.obj (.text:ti_sysbios_hal_Hwi_initStack)
                  010064a2    00000030     drivers_cc32xx.aem4 : PowerCC32XX.oem4 (.text:PowerCC32XX_restoreParkedPin)
                  010064d2    00000002     --HOLE-- [fill = 0]
                  010064d4    00000030     driverlib.a : timer.obj (.text:TimerControlEvent)
                  01006504    00000030     release_pem4.oem4 (.text:ti_sysbios_BIOS_atExitFunc__I)
                  01006534    00000030     release_pem4.oem4 (.text:ti_sysbios_BIOS_startFunc__I)
                  01006564    00000030     release_pem4.oem4 (.text:ti_sysbios_gates_GateHwi_Object__create__S)
                  01006594    00000030     release_pem4.oem4 (.text:ti_sysbios_gates_GateMutex_Object__create__S)
                  010065c4    00000004     --HOLE-- [fill = 0]
                  010065c8    00000030     sysbios.aem4 : BIOS.obj (.text:ti_sysbios_gates_GateMutex_enter__E)
                  010065f8    00000030     release_pem4.oem4 (.text:ti_sysbios_heaps_HeapMem_Object__create__S)
                  01006628    00000030     release_pem4.oem4 (.text:ti_sysbios_knl_Semaphore_construct)
                  01006658    00000030     sysbios.aem4 : BIOS.obj (.text:ti_sysbios_knl_Semaphore_pendTimeout__I)
                  01006688    00000030                  : BIOS.obj (.text:ti_sysbios_knl_Task_restore__E)
                  010066b8    00000030                  : BIOS.obj (.text:ti_sysbios_knl_Task_unblockI__E)
                  010066e8    0000002e     rtsv7M4_T_le_eabi.lib : i_tofd_t2.asm.obj (.text)
                  01006716    00000002     --HOLE-- [fill = 0]
                  01006718    0000002c     drivers_cc32xx.aem4 : PowerCC32XX.oem4 (.text:PowerCC32XX_getParkState)
                  01006744    0000002c     dpl_cc32xx.aem4 : SemaphoreP_tirtos.oem4 (.text:SemaphoreP_createBinary)
                  01006770    0000002c     sysbios.aem4 : BIOS.obj (.text:_pthread_cleanupFxn)
                  0100679c    0000002c     release_pem4.oem4 (.text:ti_sysbios_knl_Clock_doTick__I)
                  010067c8    0000002c     release_pem4.oem4 (.text:ti_sysbios_knl_Queue_construct)
                  010067f4    0000002a     display.aem4 : Display.oem4 (.text:Display_doPrintf)
                  0100681e    00000002     --HOLE-- [fill = 0]
                  01006820    0000002a     sysbios.aem4 : BIOS.obj (.text:xdc_runtime_System_putchar__I)
                  0100684a    00000002     --HOLE-- [fill = 0]
                  0100684c    00000028     display.aem4 : Display.oem4 (.text:Display_doInit)
                  01006874    00000028     driverlib.a : prcm.obj (.text:PRCMPeripheralClkDisable)
                  0100689c    00000028     dpl_cc32xx.aem4 : PowerCC32XX_tirtos.oem4 (.text:PowerCC32XX_initPolicy)
                  010068c4    00000028     drivers_cc32xx.aem4 : PowerCC32XX.oem4 (.text:Power_registerNotify)
                  010068ec    00000028     sysbios.aem4 : m3_Hwi_asm.obj (.text:ti_sysbios_family_arm_m3_Hwi_excHandlerAsm__I)
                  01006914    00000004     --HOLE-- [fill = 0]
                  01006918    00000028                  : BIOS.obj (.text:ti_sysbios_knl_Clock_addI__E)
                  01006940    00000028                  : BIOS.obj (.text:ti_sysbios_knl_Swi_Module_startup__E)
                  01006968    00000026     drivers_cc32xx.aem4 : List.oem4 (.text:List_put)
                  0100698e    00000026                         : List.oem4 (.text:List_remove)
                  010069b4    00000004     --HOLE-- [fill = 0]
                  010069b8    00000024     sysbios.aem4 : BIOS.obj (.text:pthread_attr_init)
                  010069dc    00000024     release_pem4.oem4 (.text:ti_sysbios_BIOS_registerRTSLock__I)
                  01006a00    00000024     release_pem4.oem4 (.text:ti_sysbios_BIOS_removeRTSLock__I)
                  01006a24    00000004     --HOLE-- [fill = 0]
                  01006a28    00000024     sysbios.aem4 : BIOS.obj (.text:ti_sysbios_family_arm_m3_Timer_postInit__I)
                  01006a4c    00000004     --HOLE-- [fill = 0]
                  01006a50    00000024                  : BIOS.obj (.text:ti_sysbios_family_arm_m3_Timer_startup__E)
                  01006a74    00000024     release_pem4.oem4 (.text:ti_sysbios_gates_GateMutex_Object__delete__S)
                  01006a98    00000024     sysbios.aem4 : BIOS.obj (.text:ti_sysbios_knl_Clock_Module_startup__E)
                  01006abc    00000024     release_pem4.oem4 (.text:ti_sysbios_knl_Clock_Object__delete__S)
                  01006ae0    00000024     sysbios.aem4 : BIOS.obj (.text:ti_sysbios_knl_Clock_start__E)
                  01006b04    00000004     --HOLE-- [fill = 0]
                  01006b08    00000024                  : BIOS.obj (.text:ti_sysbios_knl_Semaphore_Instance_init__E)
                  01006b2c    00000024     release_pem4.oem4 (.text:ti_sysbios_knl_Semaphore_Object__delete__S)
                  01006b50    00000024     sysbios.aem4 : BIOS.obj (.text:ti_sysbios_knl_Task_restoreHwi__E)
                  01006b74    00000004     --HOLE-- [fill = 0]
                  01006b78    00000024                  : BIOS.obj (.text:xdc_runtime_Error_policyMin__E)
                  01006b9c    00000022     driverlib.a : timer.obj (.text:TimerValueSet)
                  01006bbe    00000002     --HOLE-- [fill = 0]
                  01006bc0    00000020     drivers_cc32xx.aem4 : PowerCC32XX.oem4 (.text:Power_unregisterNotify)
                  01006be0    00000020                         : RingBuf.oem4 (.text:RingBuf_peek)
                  01006c00    00000020     capturepwmdisplay.obj (.text:captureCallback)
                  01006c20    00000020     drivers_cc32xx.aem4 : UARTCC32XX.oem4 (.text:getPowerMgrId)
                  01006c40    00000020     release_pem4.oem4 (.text:ti_sysbios_BIOS_rtsLock__I)
                  01006c60    00000020     release_pem4.oem4 (.text:ti_sysbios_family_arm_m3_Hwi_Object__delete__S)
                  01006c80    00000020     release_pem4.oem4 (.text:ti_sysbios_gates_GateHwi_Object__delete__S)
                  01006ca0    00000020     release_pem4.oem4 (.text:ti_sysbios_heaps_HeapMem_Object__delete__S)
                  01006cc0    00000020     sysbios.aem4 : BIOS.obj (.text:ti_sysbios_knl_Idle_run__E)
                  01006ce0    00000020     release_pem4.oem4 (.text:ti_sysbios_knl_Semaphore_destruct)
                  01006d00    00000020     release_pem4.oem4 (.text:ti_sysbios_knl_Task_Object__delete__S)
                  01006d20    0000001e     driverlib.a : timer.obj (.text:TimerDisable)
                  01006d3e    0000001e                 : timer.obj (.text:TimerEnable)
                  01006d5c    0000001e     sysbios.aem4 : m3_Hwi_asm_switch.obj (.text:ti_sysbios_family_xxx_Hwi_switchAndRunFunc)
                  01006d7a    00000002     --HOLE-- [fill = 0]
                  01006d7c    0000001c     driverlib.a : pin.obj (.text:PinToPadGet)
                  01006d98    0000001c                 : timer.obj (.text:TimerValueGet)
                  01006db4    00000004     --HOLE-- [fill = 0]
                  01006db8    0000001c     sysbios.aem4 : BIOS.obj (.text:ti_sysbios_family_arm_m3_Hwi_excHandler__I)
                  01006dd4    00000004     --HOLE-- [fill = 0]
                  01006dd8    0000001c                  : BIOS.obj (.text:ti_sysbios_family_arm_m3_Timer_Module_startup__E)
                  01006df4    00000004     --HOLE-- [fill = 0]
                  01006df8    0000001c                  : BIOS.obj (.text:ti_sysbios_family_arm_m3_Timer_stop__E)
                  01006e14    00000004     --HOLE-- [fill = 0]
                  01006e18    0000001c                  : BIOS.obj (.text:ti_sysbios_gates_GateMutex_Instance_init__E)
                  01006e34    00000004     --HOLE-- [fill = 0]
                  01006e38    0000001c                  : BIOS.obj (.text:ti_sysbios_knl_Clock_Instance_finalize__E)
                  01006e54    0000001c     release_pem4.oem4 (.text:ti_sysbios_knl_Queue_destruct)
                  01006e70    0000001c     sysbios.aem4 : BIOS.obj (.text:ti_sysbios_knl_Queue_put__E)
                  01006e8c    00000004     --HOLE-- [fill = 0]
                  01006e90    0000001c                  : BIOS.obj (.text:ti_sysbios_knl_Task_enter__I)
                  01006eac    00000004     --HOLE-- [fill = 0]
                  01006eb0    0000001c                  : BIOS.obj (.text:ti_sysbios_rts_ti_ReentSupport_getReent__F)
                  01006ecc    0000001a                  : m3_Hwi_asm.obj (.text:ti_sysbios_family_arm_m3_Hwi_pendSV__I)
                  01006ee6    00000002     --HOLE-- [fill = 0]
                  01006ee8    00000018     drivers_cc32xx.aem4 : PowerCC32XX.oem4 (.text:Power_idleFunc)
                  01006f00    00000018     driverlib.a : timer.obj (.text:TimerIntDisable)
                  01006f18    00000018                 : timer.obj (.text:TimerIntEnable)
                  01006f30    00000018                 : uart.obj (.text:UARTBusy)
                  01006f48    00000018                 : uart.obj (.text:UARTIntEnable)
                  01006f60    00000018     drivers_cc32xx.aem4 : UART.oem4 (.text:UART_Params_init)
                  01006f78    00000018     rtsv7M4_T_le_eabi.lib : args_main.c.obj (.text:_args_main)
                  01006f90    00000018                           : ll_mul_t2.asm.obj (.text)
                  01006fa8    00000018     release_pem4.oem4 (.text:ti_sysbios_BIOS_rtsUnlock__I)
                  01006fc0    00000018     release_pem4.oem4 (.text:ti_sysbios_family_arm_m3_Hwi_Module__startupDone__F)
                  01006fd8    00000018     release_pem4.oem4 (.text:ti_sysbios_family_arm_m3_Timer_Module__startupDone__F)
                  01006ff0    00000018     release_pem4.oem4 (.text:ti_sysbios_gates_GateHwi_Handle__label__S)
                  01007008    00000018     release_pem4.oem4 (.text:ti_sysbios_gates_GateMutex_Handle__label__S)
                  01007020    00000018     sysbios.aem4 : BIOS.obj (.text:ti_sysbios_gates_GateMutex_leave__E)
                  01007038    00000018     release_pem4.oem4 (.text:ti_sysbios_heaps_HeapMem_Handle__label__S)
                  01007050    00000018     sysbios.aem4 : BIOS.obj (.text:ti_sysbios_knl_Task_sleepTimeout__I)
                  01007068    00000018     release_pem4.oem4 (.text:ti_sysbios_rts_ti_ReentSupport_getTlsAddr__I)
                  01007080    00000018     sysbios.aem4 : BIOS.obj (.text:xdc_runtime_Error_init__E)
                  01007098    00000018                  : BIOS.obj (.text:xdc_runtime_System_exit__E)
                  010070b0    00000016     display.aem4 : DisplayUart.oem4 (.text:DisplayUartMin_close)
                  010070c6    00000016     driverlib.a : prcm.obj (.text:PRCMHIBRegRead)
                  010070dc    00000016                 : prcm.obj (.text:PRCMHIBRegWrite)
                  010070f2    00000016     release_pem4.oem4 (.text:ti_sysbios_BIOS_exitFunc__I)
                  01007108    00000014     drivers_cc32xx.aem4 : PWM.oem4 (.text:PWM_Params_init)
                  0100711c    00000014                         : PowerCC32XX.oem4 (.text:Power_getDependencyCount)
                  01007130    00000014     sysbios.aem4 : BIOS.obj (.text:pthread_attr_setschedparam)
                  01007144    00000014     drivers_cc32xx.aem4 : UARTCC32XX.oem4 (.text:releasePowerConstraint)
                  01007158    00000014     rtsv7M4_T_le_eabi.lib : strlen.c.obj (.text:strlen)
                  0100716c    00000014     release_pem4.oem4 (.text:ti_sysbios_family_arm_m3_Hwi_Object__get__S)
                  01007180    00000014     sysbios.aem4 : BIOS.obj (.text:ti_sysbios_family_arm_m3_Hwi_switchFromBootStack__E)
                  01007194    00000014                  : m3_TaskSupport_asm.obj (.text:ti_sysbios_family_arm_m3_TaskSupport_swap__E)
                  010071a8    00000014     release_pem4.oem4 (.text:ti_sysbios_heaps_HeapMem_Object__get__S)
                  010071bc    00000004     --HOLE-- [fill = 0]
                  010071c0    00000014     sysbios.aem4 : BIOS.obj (.text:ti_sysbios_knl_Clock_tickReconfig__E)
                  010071d4    00000014     release_pem4.oem4 (.text:ti_sysbios_knl_Swi_Object__get__S)
                  010071e8    00000012     drivers_cc32xx.aem4 : RingBuf.oem4 (.text:RingBuf_construct)
                  010071fa    00000012     dpl_cc32xx.aem4 : SemaphoreP_tirtos.oem4 (.text:SemaphoreP_pend)
                  0100720c    00000012     driverlib.a : timer.obj (.text:TimerIntClear)
                  0100721e    00000002     --HOLE-- [fill = 0]
                  01007220    00000012     sysbios.aem4 : BIOS.obj (.text:_pthread_runStub$41)
                  01007232    00000012     drivers_cc32xx.aem4 : PWMTimerCC32XX.oem4 (.text:postNotifyFxn)
                  01007244    00000004     --HOLE-- [fill = 0]
                  01007248    00000012     sysbios.aem4 : BIOS.obj (.text:ti_sysbios_hal_Hwi_Module_startup__E)
                  0100725a    00000012     release_pem4.oem4 (.text:xdc_runtime_Startup_exec__I)
                  0100726c    00000010     drivers_cc32xx.aem4 : Capture.oem4 (.text:Capture_Params_init)
                  0100727c    00000010     dpl_cc32xx.aem4 : HwiP_tirtos.oem4 (.text:HwiP_Params_init)
                  0100728c    00000010     drivers_cc32xx.aem4 : UARTCC32XX.oem4 (.text:readBlockingTimeout)
                  0100729c    00000004     --HOLE-- [fill = 0]
                  010072a0    00000010     sysbios.aem4 : BIOS.obj (.text:ti_sysbios_BIOS_getCpuFreq__E)
                  010072b0    00000010                  : BIOS.obj (.text:ti_sysbios_BIOS_setThreadType__E)
                  010072c0    00000010                  : BIOS.obj (.text:ti_sysbios_BIOS_start__E)
                  010072d0    00000010                  : m3_TaskSupport_asm.obj (.text:ti_sysbios_family_arm_m3_TaskSupport_glue)
                  010072e0    00000010                  : BIOS.obj (.text:ti_sysbios_gates_GateMutex_Instance_finalize__E)
                  010072f0    00000010     release_pem4.oem4 (.text:ti_sysbios_knl_Mailbox_Object__get__S)
                  01007300    00000010     sysbios.aem4 : BIOS.obj (.text:ti_sysbios_knl_Semaphore_Instance_finalize__E)
                  01007310    00000010                  : BIOS.obj (.text:ti_sysbios_knl_Swi_disable__E)
                  01007320    00000010     release_pem4.oem4 (.text:ti_sysbios_knl_Task_Object__get__S)
                  01007330    00000010     sysbios.aem4 : BIOS.obj (.text:ti_sysbios_knl_Task_disable__E)
                  01007340    00000010                  : BIOS.obj (.text:xdc_runtime_Memory_free__E)
                  01007350    00000010                  : BIOS.obj (.text:xdc_runtime_SysCallback_abort__E)
                  01007360    00000010                  : BIOS.obj (.text:xdc_runtime_SysCallback_exit__E)
                  01007370    00000010                  : BIOS.obj (.text:xdc_runtime_SysCallback_putch__E)
                  01007380    00000010                  : BIOS.obj (.text:xdc_runtime_SysCallback_ready__E)
                  01007390    00000010                  : BIOS.obj (.text:xdc_runtime_System_vsnprintf__E)
                  010073a0    0000000e     drivers_cc32xx.aem4 : RingBuf.oem4 (.text:RingBuf_isFull)
                  010073ae    0000000e     rtsv7M4_T_le_eabi.lib : copy_decompress_none.c.obj (.text:decompress:none:__TI_decompress_none)
                  010073bc    00000004     --HOLE-- [fill = 0]
                  010073c0    0000000e     sysbios.aem4 : BIOS.obj (.text:pthread_attr_setdetachstate)
                  010073ce    00000002     --HOLE-- [fill = 0]
                  010073d0    0000000e                  : BIOS.obj (.text:ti_sysbios_knl_Idle_loop__E)
                  010073de    00000002     --HOLE-- [fill = 0]
                  010073e0    0000000e                  : BIOS.obj (.text:ti_sysbios_knl_Queue_empty__E)
                  010073ee    0000000c     CC3220SF_LAUNCHXL.obj (.text:CC3220SF_LAUNCHXL_initGeneral)
                  010073fa    0000000c     dpl_cc32xx.aem4 : ClockP_tirtos.oem4 (.text:ClockP_delete)
                  01007406    0000000c                     : HwiP_tirtos.oem4 (.text:HwiP_delete)
                  01007412    00000002     --HOLE-- [fill = 0]
                  01007414    0000000c     drivers_cc32xx.aem4 : PowerCC32XX.oem4 (.text:Power_getConstraintMask)
                  01007420    0000000c     dpl_cc32xx.aem4 : SemaphoreP_tirtos.oem4 (.text:SemaphoreP_delete)
                  0100742c    0000000c     rtsv7M4_T_le_eabi.lib : _lock.c.obj (.text:_register_lock)
                  01007438    0000000c                           : _lock.c.obj (.text:_register_unlock)
                  01007444    0000000c                           : copy_zero_init.c.obj (.text:decompress:ZI:__TI_zero_init)
                  01007450    0000000c     drivers_cc32xx.aem4 : CaptureCC32XX.oem4 (.text:postNotifyFxn)
                  0100745c    0000000c                         : UARTCC32XX.oem4 (.text:postNotifyFxn)
                  01007468    0000000c     release_pem4.oem4 (.text:ti_sysbios_family_arm_m3_Hwi_Params__init__S)
                  01007474    00000004     --HOLE-- [fill = 0]
                  01007478    0000000c     sysbios.aem4 : BIOS.obj (.text:ti_sysbios_family_arm_m3_Hwi_disableFxn__E)
                  01007484    00000004     --HOLE-- [fill = 0]
                  01007488    0000000c                  : BIOS.obj (.text:ti_sysbios_family_arm_m3_TaskSupport_getStackAlignment__E)
                  01007494    00000004     --HOLE-- [fill = 0]
                  01007498    0000000c                  : BIOS.obj (.text:ti_sysbios_gates_GateHwi_enter__E)
                  010074a4    0000000c     release_pem4.oem4 (.text:ti_sysbios_knl_Clock_Params__init__S)
                  010074b0    0000000c     sysbios.aem4 : BIOS.obj (.text:ti_sysbios_knl_Clock_getTicks__E)
                  010074bc    00000004     --HOLE-- [fill = 0]
                  010074c0    0000000c                  : BIOS.obj (.text:ti_sysbios_knl_Clock_setTicks__E)
                  010074cc    00000004     --HOLE-- [fill = 0]
                  010074d0    0000000c                  : BIOS.obj (.text:ti_sysbios_knl_Clock_tickStart__E)
                  010074dc    00000004     --HOLE-- [fill = 0]
                  010074e0    0000000c                  : BIOS.obj (.text:ti_sysbios_knl_Clock_tickStop__E)
                  010074ec    0000000c     release_pem4.oem4 (.text:ti_sysbios_knl_Queue_Object__get__S)
                  010074f8    0000000c     release_pem4.oem4 (.text:ti_sysbios_knl_Semaphore_Params__init__S)
                  01007504    0000000c     release_pem4.oem4 (.text:ti_sysbios_knl_Task_Params__init__S)
                  01007510    0000000c     sysbios.aem4 : BIOS.obj (.text:ti_sysbios_knl_Task_self__E)
                  0100751c    00000004     --HOLE-- [fill = 0]
                  01007520    0000000c                  : BIOS.obj (.text:ti_sysbios_rts_ti_ReentSupport_taskRegHook__I)
                  0100752c    00000004     --HOLE-- [fill = 0]
                  01007530    0000000c                  : BIOS.obj (.text:xdc_runtime_Startup_rtsDone__E)
                  0100753c    0000000a     drivers_cc32xx.aem4 : Capture.oem4 (.text:Capture_start)
                  01007546    0000000a     dpl_cc32xx.aem4 : ClockP_tirtos.oem4 (.text:ClockP_Params_init)
                  01007550    0000000a     drivers_cc32xx.aem4 : PWM.oem4 (.text:PWM_setDuty)
                  0100755a    0000000a                         : PWM.oem4 (.text:PWM_start)
                  01007564    0000000a                         : UART.oem4 (.text:UART_close)
                  0100756e    0000000a                         : UART.oem4 (.text:UART_control)
                  01007578    0000000a                         : UART.oem4 (.text:UART_write)
                  01007582    0000000a     release_pem4.oem4 (.text:xdc_runtime_IHeap_alloc)
                  0100758c    0000000a     release_pem4.oem4 (.text:xdc_runtime_IHeap_free)
                  01007596    00000008     CC3220SF_LAUNCHXL.obj (.text:Board_init)
                  0100759e    00000008     dpl_cc32xx.aem4 : SemaphoreP_tirtos.oem4 (.text:SemaphoreP_Params_init)
                  010075a6    00000002     --HOLE-- [fill = 0]
                  010075a8    00000008     sysbios.aem4 : BIOS.obj (.text:pthread_attr_setstacksize)
                  010075b0    00000008     drivers_cc32xx.aem4 : UARTCC32XX.oem4 (.text:readSemCallback)
                  010075b8    00000008     sysbios.aem4 : BIOS.obj (.text:ti_sysbios_family_arm_m3_Hwi_doSwiRestore__I)
                  010075c0    00000008                  : BIOS.obj (.text:ti_sysbios_family_arm_m3_Hwi_startup__E)
                  010075c8    00000008     drivers_cc32xx.aem4 : UARTCC32XX.oem4 (.text:writeSemCallback)
                  010075d0    00000006     display.aem4 : DisplayUart.oem4 (.text:DisplayUartMin_control)
                  010075d6    00000006                  : DisplayUart.oem4 (.text:DisplayUartMin_getType)
                  010075dc    00000006     drivers_cc32xx.aem4 : PWMTimerCC32XX.oem4 (.text:PWMTimerCC32XX_control)
                  010075e2    00000006     driverlib.a : utils.obj (.text:UtilsDelay)
                  010075e8    00000006     sysbios.aem4 : BIOS.obj (.text:ti_sysbios_family_arm_m3_Hwi_doTaskRestore__I)
                  010075ee    00000002     --HOLE-- [fill = 0]
                  010075f0    00000006                  : BIOS.obj (.text:ti_sysbios_family_arm_m3_Hwi_restoreFxn__E)
                  010075f6    00000002     --HOLE-- [fill = 0]
                  010075f8    00000006                  : BIOS.obj (.text:ti_sysbios_gates_GateHwi_leave__E)
                  010075fe    00000002     --HOLE-- [fill = 0]
                  01007600    00000006                  : BIOS.obj (.text:ti_sysbios_heaps_HeapMem_isBlocking__E)
                  01007606    00000002     --HOLE-- [fill = 0]
                  01007608    00000006                  : BIOS.obj (.text:ti_sysbios_knl_Clock_stop__E)
                  0100760e    00000002     --HOLE-- [fill = 0]
                  01007610    00000006                  : BIOS.obj (.text:ti_sysbios_knl_Queue_Instance_init__E)
                  01007616    00000002     --HOLE-- [fill = 0]
                  01007618    00000006                  : BIOS.obj (.text:ti_sysbios_knl_Swi_startup__E)
                  0100761e    00000002     --HOLE-- [fill = 0]
                  01007620    00000006                  : BIOS.obj (.text:xdc_runtime_System_Module_startup__E)
                  01007626    00000002     --HOLE-- [fill = 0]
                  01007628    00000004                  : BIOS.obj (.text:ti_sysbios_family_arm_m3_Timer_getMaxTicks__E)
                  0100762c    00000004     --HOLE-- [fill = 0]
                  01007630    00000004                  : BIOS.obj (.text:ti_sysbios_gates_GateHwi_query__E)
                  01007634    00000004     --HOLE-- [fill = 0]
                  01007638    00000004                  : BIOS.obj (.text:ti_sysbios_gates_GateMutex_query__E)
                  0100763c    00000004     --HOLE-- [fill = 0]
                  01007640    00000004                  : BIOS.obj (.text:ti_sysbios_knl_Clock_setTimeout__E)
                  01007644    00000004     --HOLE-- [fill = 0]
                  01007648    00000004                  : BIOS.obj (.text:ti_sysbios_knl_Task_startup__E)
                  0100764c    00000004     --HOLE-- [fill = 0]
                  01007650    00000004                  : BIOS.obj (.text:xdc_runtime_SysCallback_defaultReady)
                  01007654    00000004     --HOLE-- [fill = 0]
                  01007658    00000002                  : BIOS.obj (.text:ti_sysbios_BIOS_linkedWithIncorrectBootLibrary__E)
                  0100765a    00000006     --HOLE-- [fill = 0]
                  01007660    00000002                  : BIOS.obj (.text:ti_sysbios_gates_GateHwi_Instance_init__E)
                  01007662    00000006     --HOLE-- [fill = 0]
                  01007668    00000002                  : BIOS.obj (.text:ti_sysbios_knl_Clock_logTick__E)
                  0100766a    00000006     --HOLE-- [fill = 0]
                  01007670    00000002                  : BIOS.obj (.text:xdc_runtime_SysCallback_defaultAbort)
                  01007672    00000006     --HOLE-- [fill = 0]
                  01007678    00000002                  : BIOS.obj (.text:xdc_runtime_SysCallback_defaultExit)
                  0100767a    00000006     --HOLE-- [fill = 0]
                  01007680    00000002                  : BIOS.obj (.text:xdc_runtime_SysCallback_defaultPutch)
                  01007682    00000006     --HOLE-- [fill = 0]
                  01007688    00000002                  : BIOS.obj (.text:xdc_runtime_System_abortSpin__E)
                  0100768a    00000006     --HOLE-- [fill = 0]
                  01007690    00000002                  : BIOS.obj (.text:xdc_runtime_System_exitSpin__E)

.const     0    01007694    0000091a     
                  01007694    00000100     driverlib.a : pin.obj (.const:g_ulPinToPadMap)
                  01007794    000000a8                 : prcm.obj (.const:PRCM_PeriphRegsList)
                  0100783c    00000078     CC3220SF_LAUNCHXL.obj (.const:Capture_config)
                  010078b4    00000058     release_pem4.oem4 (.const:.string)
                  0100790c    00000050     CC3220SF_LAUNCHXL.obj (.const:captureCC3220SFHWAttrs)
                  0100795c    00000048     CC3220SF_LAUNCHXL.obj (.const:uartCC3220SHWAttrs)
                  010079a4    00000044     release_pem4.oem4 (.const:ti_sysbios_knl_Task_Object__PARAMS__C)
                  010079e8    00000040     CC3220SF_LAUNCHXL.obj (.const:PowerCC32XX_config)
                  01007a28    00000030     release_pem4.oem4 (.const:ti_sysbios_family_arm_m3_Hwi_Object__PARAMS__C)
                  01007a58    00000028     drivers_cc32xx.aem4 : UARTCC32XX.oem4 (.const:UARTCC32XX_fxnTable)
                  01007a80    00000028     release_pem4.oem4 (.const:ti_sysbios_heaps_HeapMem_Module__FXNS__C)
                  01007aa8    00000024     drivers_cc32xx.aem4 : PWMTimerCC32XX.oem4 (.const:PWMTimerCC32XX_fxnTable)
                  01007acc    00000024                         : UART.oem4 (.const:UART_defaultParams)
                  01007af0    00000024     release_pem4.oem4 (.const:ti_sysbios_gates_GateHwi_Module__FXNS__C)
                  01007b14    00000024     release_pem4.oem4 (.const:ti_sysbios_gates_GateMutex_Module__FXNS__C)
                  01007b38    00000024     release_pem4.oem4 (.const:ti_sysbios_heaps_HeapMem_Object__PARAMS__C)
                  01007b5c    00000024     release_pem4.oem4 (.const:ti_sysbios_knl_Clock_Object__PARAMS__C)
                  01007b80    00000024     release_pem4.oem4 (.const:ti_sysbios_knl_Semaphore_Object__PARAMS__C)
                  01007ba4    00000020     display.aem4 : DisplayUart.oem4 (.const:DisplayUartMin_fxnTable)
                  01007bc4    00000020     drivers_cc32xx.aem4 : PWMTimerCC32XX.oem4 (.const:gpioPinIndexes)
                  01007be4    00000020                         : UARTCC32XX.oem4 (.const:staticFxnTable)
                  01007c04    00000020     release_pem4.oem4 (.const:ti_sysbios_family_arm_m3_Hwi_Object__DESC__C)
                  01007c24    00000020     release_pem4.oem4 (.const:ti_sysbios_gates_GateHwi_Object__DESC__C)
                  01007c44    00000020     release_pem4.oem4 (.const:ti_sysbios_gates_GateMutex_Object__DESC__C)
                  01007c64    00000020     release_pem4.oem4 (.const:ti_sysbios_heaps_HeapMem_Object__DESC__C)
                  01007c84    00000020     release_pem4.oem4 (.const:ti_sysbios_knl_Clock_Object__DESC__C)
                  01007ca4    00000020     release_pem4.oem4 (.const:ti_sysbios_knl_Queue_Object__DESC__C)
                  01007cc4    00000020     release_pem4.oem4 (.const:ti_sysbios_knl_Semaphore_Object__DESC__C)
                  01007ce4    00000020     release_pem4.oem4 (.const:ti_sysbios_knl_Task_Object__DESC__C)
                  01007d04    00000020     release_pem4.oem4 (.const:xdc_runtime_Startup_sfxnTab__A)
                  01007d24    00000018     drivers_cc32xx.aem4 : CaptureCC32XX.oem4 (.const:CaptureCC32XX_fxnTable)
                  01007d3c    00000018     CC3220SF_LAUNCHXL.obj (.const:PWM_config)
                  01007d54    00000018     drivers_cc32xx.aem4 : PWM.oem4 (.const:PWM_defaultParams)
                  01007d6c    00000018     CC3220SF_LAUNCHXL.obj (.const:UART_config)
                  01007d84    00000018     release_pem4.oem4 (.const:ti_sysbios_gates_GateHwi_Object__PARAMS__C)
                  01007d9c    00000018     release_pem4.oem4 (.const:ti_sysbios_gates_GateMutex_Object__PARAMS__C)
                  01007db4    00000018     release_pem4.oem4 (.const:ti_sysbios_knl_Queue_Object__PARAMS__C)
                  01007dcc    00000018     release_pem4.oem4 (.const:ti_sysbios_knl_Task_hooks__A)
                  01007de4    00000014     CC3220SF_LAUNCHXL.obj (.const:displayUartHWAttrs)
                  01007df8    00000014     drivers_cc32xx.aem4 : UARTCC32XX.oem4 (.const:parityType)
                  01007e0c    00000010                         : UARTCC32XX.oem4 (.const:dataLength)
                  01007e1c    00000010                         : PWMTimerCC32XX.oem4 (.const:gpioBaseAddresses)
                  01007e2c    00000010                         : PWMTimerCC32XX.oem4 (.const:timerBaseAddresses)
                  01007e3c    00000010     release_pem4.oem4 (.const:xdc_runtime_Startup_sfxnRts__A)
                  01007e4c    0000000d     CC3220SF_LAUNCHXL.obj (.const)
                  01007e59    00000001     display.aem4 : Display.oem4 (.const:Display_defaultParams)
                  01007e5a    00000002     release_pem4.oem4 (.const:ti_sysbios_family_arm_m3_Hwi_Module__id__C)
                  01007e5c    0000000c     CC3220SF_LAUNCHXL.obj (.const:Display_config)
                  01007e68    0000000c     drivers_cc32xx.aem4 : Capture.oem4 (.const:defaultParams)
                  01007e74    0000000c     release_pem4.oem4 (.const:xdc_runtime_Startup_firstFxns__A)
                  01007e80    00000008     CC3220SF_LAUNCHXL.obj (.const:pwmTimerCC3220SHWAttrs)
                  01007e88    00000008     drivers_cc32xx.aem4 : UARTCC32XX.oem4 (.const:stopBits)
                  01007e90    00000008     release_pem4.oem4 (.const:ti_sysbios_knl_Idle_funcList__A)
                  01007e98    00000008     release_pem4.oem4 (.const:ti_sysbios_knl_Idle_funcList__C)
                  01007ea0    00000008     release_pem4.oem4 (.const:ti_sysbios_knl_Task_hooks__C)
                  01007ea8    00000008     drivers_cc32xx.aem4 : PWMTimerCC32XX.oem4 (.const:timerHalves)
                  01007eb0    00000008     release_pem4.oem4 (.const:xdc_runtime_Startup_firstFxns__C)
                  01007eb8    00000008     release_pem4.oem4 (.const:xdc_runtime_Startup_lastFxns__C)
                  01007ec0    00000004     release_pem4.oem4 (.const:ti_sysbios_family_arm_m3_Hwi_E_alreadyDefined__C)
                  01007ec4    00000004     release_pem4.oem4 (.const:ti_sysbios_family_arm_m3_Hwi_NUM_INTERRUPTS__C)
                  01007ec8    00000004     release_pem4.oem4 (.const:ti_sysbios_family_arm_m3_Hwi_Object__count__C)
                  01007ecc    00000004     release_pem4.oem4 (.const:ti_sysbios_family_arm_m3_Hwi_ccr__C)
                  01007ed0    00000004     release_pem4.oem4 (.const:ti_sysbios_family_arm_m3_Hwi_excHandlerFunc__C)
                  01007ed4    00000004     release_pem4.oem4 (.const:ti_sysbios_family_arm_m3_Hwi_nullIsrFunc__C)
                  01007ed8    00000004     release_pem4.oem4 (.const:ti_sysbios_family_arm_m3_Hwi_priGroup__C)
                  01007edc    00000004     release_pem4.oem4 (.const:ti_sysbios_family_arm_m3_Hwi_swiDisable__C)
                  01007ee0    00000004     release_pem4.oem4 (.const:ti_sysbios_family_arm_m3_Hwi_swiRestore__C)
                  01007ee4    00000004     release_pem4.oem4 (.const:ti_sysbios_family_arm_m3_TaskSupport_stackAlignment__C)
                  01007ee8    00000004     release_pem4.oem4 (.const:ti_sysbios_family_arm_m3_Timer_E_cannotSupport__C)
                  01007eec    00000004     release_pem4.oem4 (.const:ti_sysbios_family_arm_m3_Timer_startupNeeded__C)
                  01007ef0    00000004     release_pem4.oem4 (.const:ti_sysbios_gates_GateMutex_Instance_State_sem__O)
                  01007ef4    00000004     release_pem4.oem4 (.const:ti_sysbios_heaps_HeapMem_E_memory__C)
                  01007ef8    00000004     release_pem4.oem4 (.const:ti_sysbios_heaps_HeapMem_Module__gateObj__C)
                  01007efc    00000004     release_pem4.oem4 (.const:ti_sysbios_heaps_HeapMem_Object__count__C)
                  01007f00    00000004     release_pem4.oem4 (.const:ti_sysbios_heaps_HeapMem_primaryHeapBaseAddr__C)
                  01007f04    00000004     release_pem4.oem4 (.const:ti_sysbios_heaps_HeapMem_primaryHeapEndAddr__C)
                  01007f08    00000004     release_pem4.oem4 (.const:ti_sysbios_heaps_HeapMem_reqAlign__C)
                  01007f0c    00000004     release_pem4.oem4 (.const:ti_sysbios_knl_Clock_Module_State_clockQ__O)
                  01007f10    00000004     release_pem4.oem4 (.const:ti_sysbios_knl_Clock_tickPeriod__C)
                  01007f14    00000004     release_pem4.oem4 (.const:ti_sysbios_knl_Mailbox_Instance_State_freeQue__O)
                  01007f18    00000004     release_pem4.oem4 (.const:ti_sysbios_knl_Mailbox_Object__count__C)
                  01007f1c    00000004     release_pem4.oem4 (.const:ti_sysbios_knl_Mailbox_maxTypeAlign__C)
                  01007f20    00000004     release_pem4.oem4 (.const:ti_sysbios_knl_Semaphore_Instance_State_pendQ__O)
                  01007f24    00000004     release_pem4.oem4 (.const:ti_sysbios_knl_Swi_Object__count__C)
                  01007f28    00000004     release_pem4.oem4 (.const:ti_sysbios_knl_Task_Module_State_inactiveQ__O)
                  01007f2c    00000004     release_pem4.oem4 (.const:ti_sysbios_knl_Task_Object__count__C)
                  01007f30    00000004     release_pem4.oem4 (.const:ti_sysbios_knl_Task_Object__heap__C)
                  01007f34    00000004     release_pem4.oem4 (.const:ti_sysbios_knl_Task_allBlockedFunc__C)
                  01007f38    00000004     release_pem4.oem4 (.const:ti_sysbios_knl_Task_defaultStackHeap__C)
                  01007f3c    00000004     release_pem4.oem4 (.const:ti_sysbios_knl_Task_defaultStackSize__C)
                  01007f40    00000004     release_pem4.oem4 (.const:ti_sysbios_knl_Task_numConstructedTasks__C)
                  01007f44    00000004     release_pem4.oem4 (.const:xdc_runtime_Error_E_memory__C)
                  01007f48    00000004     release_pem4.oem4 (.const:xdc_runtime_Error_policyFxn__C)
                  01007f4c    00000004     release_pem4.oem4 (.const:xdc_runtime_IGateProvider_Interface__BASE__C)
                  01007f50    00000004     release_pem4.oem4 (.const:xdc_runtime_IHeap_Interface__BASE__C)
                  01007f54    00000004     release_pem4.oem4 (.const:xdc_runtime_IModule_Interface__BASE__C)
                  01007f58    00000004     release_pem4.oem4 (.const:xdc_runtime_Memory_defaultHeapInstance__C)
                  01007f5c    00000004     release_pem4.oem4 (.const:xdc_runtime_Startup_execImpl__C)
                  01007f60    00000004     release_pem4.oem4 (.const:xdc_runtime_Startup_maxPasses__C)
                  01007f64    00000004     release_pem4.oem4 (.const:xdc_runtime_Startup_sfxnRts__C)
                  01007f68    00000004     release_pem4.oem4 (.const:xdc_runtime_Startup_sfxnTab__C)
                  01007f6c    00000004     release_pem4.oem4 (.const:xdc_runtime_SysCallback_abortFxn__C)
                  01007f70    00000004     release_pem4.oem4 (.const:xdc_runtime_SysCallback_exitFxn__C)
                  01007f74    00000004     release_pem4.oem4 (.const:xdc_runtime_SysCallback_putchFxn__C)
                  01007f78    00000004     release_pem4.oem4 (.const:xdc_runtime_SysCallback_readyFxn__C)
                  01007f7c    00000004     release_pem4.oem4 (.const:xdc_runtime_System_Module__gateObj__C)
                  01007f80    00000004     release_pem4.oem4 (.const:xdc_runtime_System_abortFxn__C)
                  01007f84    00000004     release_pem4.oem4 (.const:xdc_runtime_System_exitFxn__C)
                  01007f88    00000004     release_pem4.oem4 (.const:xdc_runtime_System_extendFxn__C)
                  01007f8c    00000004     release_pem4.oem4 (.const:xdc_runtime_System_maxAtexitHandlers__C)
                  01007f90    00000004     release_pem4.oem4 (.const:xdc_runtime_Text_charTab__C)
                  01007f94    00000004     release_pem4.oem4 (.const:xdc_runtime_Text_nameEmpty__C)
                  01007f98    00000004     release_pem4.oem4 (.const:xdc_runtime_Text_nameStatic__C)
                  01007f9c    00000004     release_pem4.oem4 (.const:xdc_runtime_Text_nameUnknown__C)
                  01007fa0    00000002     release_pem4.oem4 (.const:ti_sysbios_family_arm_m3_Timer_Module__id__C)
                  01007fa2    00000002     release_pem4.oem4 (.const:ti_sysbios_heaps_HeapMem_Module__id__C)
                  01007fa4    00000002     release_pem4.oem4 (.const:xdc_runtime_Memory_Module__id__C)
                  01007fa6    00000002     release_pem4.oem4 (.const:xdc_runtime_Text_charCnt__C)
                  01007fa8    00000002     release_pem4.oem4 (.const:xdc_runtime_Text_isLoaded__C)
                  01007faa    00000001     release_pem4.oem4 (.const:ti_sysbios_knl_Clock_tickMode__C)
                  01007fab    00000001     release_pem4.oem4 (.const:ti_sysbios_knl_Clock_tickSource__C)
                  01007fac    00000001     release_pem4.oem4 (.const:xdc_runtime_Error_policy__C)
                  01007fad    00000001     release_pem4.oem4 (.const:xdc_runtime_Text_charTab__A)

.cinit     0    01007fb0    00000248     
                  01007fb0    0000021e     (.cinit..data.load) [load image, compression = lzss]
                  010081ce    00000002     --HOLE-- [fill = 0]
                  010081d0    0000000c     (__TI_handler_table)
                  010081dc    00000004     --HOLE-- [fill = 0]
                  010081e0    00000008     (.cinit..bss.load) [load image, compression = zero_init]
                  010081e8    00000010     (__TI_cinit_table)

.init_array 
*          0    01000800    00000000     UNINITIALIZED

.bss       0    20008310    00000e08     UNINITIALIZED
                  20008310    00000400     CC3220SF_LAUNCHXL.obj (.bss:displayBuf)
                  20008710    0000030c     (.common:ti_sysbios_family_arm_m3_Hwi_dispatchTable)
                  20008a1c    00000004     capturepwmdisplay.obj (.bss)
                  20008a20    00000200     release_pem4.oem4 (.bss:taskStackSection)
                  20008c20    000001e0     (.common:captureCC3220SFObjects)
                  20008e00    0000012c     (.common:PowerCC32XX_contextSave)
                  20008f2c    00000108     (.common:uartCC3220SObjects)
                  20009034    00000048     (.common:pwmTimerCC3220SObjects)
                  2000907c    00000040     (.common:uartCC3220SRingBuffer)
                  200090bc    00000018     (.common:pwmParams)
                  200090d4    0000000c     (.common:captureParams)
                  200090e0    0000000c     (.common:displayUartObject)
                  200090ec    00000008     drivers_cc32xx.aem4 : CaptureCC32XX.oem4 (.bss:clockFreq)
                  200090f4    00000008     (.common:semParams)
                  200090fc    00000004                         : TimerCC32XX.oem4 (.bss:timerState)
                  20009100    00000004     (.common:ClockP_tickPeriod)
                  20009104    00000004     (.common:capture)
                  20009108    00000004     (.common:curInterval)
                  2000910c    00000004     (.common:display)
                  20009110    00000004     (.common:pwm0)
                  20009114    00000004     (.common:ti_sysbios_knl_Task_Instance_State_0_hookEnv__A)

.data      0    20009118    000006c1     UNINITIALIZED
                  20009118    0000016c     drivers_cc32xx.aem4 : PowerCC32XX.oem4 (.data:PowerCC32XX_module)
                  20009284    000000f8     CC3220SF_LAUNCHXL.obj (.data:parkInfo)
                  2000937c    00000088     sysbios.aem4 : BIOS.obj (.data:$O1$$)
                  20009404    00000080     release_pem4.oem4 (.data:ti_sysbios_knl_Swi_Module_State_0_readyQ__A)
                  20009484    00000080     release_pem4.oem4 (.data:ti_sysbios_knl_Task_Module_State_0_readyQ__A)
                  20009504    0000005c     release_pem4.oem4 (.data:ti_sysbios_knl_Task_Object__table__V)
                  20009560    00000054     release_pem4.oem4 (.data:ti_sysbios_gates_GateMutex_Object__table__V)
                  200095b4    00000048     release_pem4.oem4 (.data:ti_sysbios_knl_Task_Module__state__V)
                  200095fc    00000034     release_pem4.oem4 (.data:ti_sysbios_family_arm_m3_Hwi_Module__state__V)
                  20009630    00000030     release_pem4.oem4 (.data:ti_sysbios_family_arm_m3_Timer_Object__table__V)
                  20009660    00000030     release_pem4.oem4 (.data:ti_sysbios_knl_Swi_Object__table__V)
                  20009690    0000002c     release_pem4.oem4 (.data:ti_sysbios_knl_Clock_Module__state__V)
                  200096bc    00000024     release_pem4.oem4 (.data:ti_sysbios_BIOS_Module__state__V)
                  200096e0    00000020     release_pem4.oem4 (.data:xdc_runtime_Error_IgnoreBlock)
                  20009700    0000001c     release_pem4.oem4 (.data:ti_sysbios_knl_Swi_Module__state__V)
                  2000971c    00000018     release_pem4.oem4 (.data:ti_sysbios_family_arm_m3_Hwi_Object__table__V)
                  20009734    00000018     release_pem4.oem4 (.data:ti_sysbios_heaps_HeapMem_Object__table__V)
                  2000974c    0000000c     release_pem4.oem4 (.data:ti_sysbios_family_arm_m3_Timer_Module__state__V)
                  20009758    00000008     rtsv7M4_T_le_eabi.lib : _lock.c.obj (.data:$O1$$)
                  20009760    00000008     release_pem4.oem4 (.data:ti_sysbios_family_arm_m3_Hwi_Module__root__V)
                  20009768    00000008     release_pem4.oem4 (.data:ti_sysbios_gates_GateHwi_Module__root__V)
                  20009770    00000008     release_pem4.oem4 (.data:ti_sysbios_gates_GateMutex_Module__root__V)
                  20009778    00000008     release_pem4.oem4 (.data:ti_sysbios_heaps_HeapMem_Module__root__V)
                  20009780    00000008     release_pem4.oem4 (.data:ti_sysbios_knl_Clock_Module__root__V)
                  20009788    00000008     release_pem4.oem4 (.data:ti_sysbios_knl_Queue_Module__root__V)
                  20009790    00000008     release_pem4.oem4 (.data:ti_sysbios_knl_Semaphore_Module__root__V)
                  20009798    00000008     release_pem4.oem4 (.data:ti_sysbios_knl_Task_Module__root__V)
                  200097a0    00000008     release_pem4.oem4 (.data:xdc_runtime_Startup_Module__state__V)
                  200097a8    00000008     release_pem4.oem4 (.data:xdc_runtime_System_Module_State_0_atexitHandlers__A)
                  200097b0    00000008     release_pem4.oem4 (.data:xdc_runtime_System_Module__state__V)
                  200097b8    00000004     rtsv7M4_T_le_eabi.lib : stkdepth_vars.c.obj (.data)
                  200097bc    00000004     release_pem4.oem4 (.data:ti_sysbios_family_arm_m3_Hwi_Module_State_0_excContext__A)
                  200097c0    00000004     release_pem4.oem4 (.data:ti_sysbios_family_arm_m3_Hwi_Module_State_0_excStack__A)
                  200097c4    00000004     release_pem4.oem4 (.data:ti_sysbios_gates_GateHwi_Object__table__V)
                  200097c8    00000004     release_pem4.oem4 (.data:ti_sysbios_knl_Task_Module_State_0_idleTask__A)
                  200097cc    00000004     release_pem4.oem4 (.data:ti_sysbios_rts_ti_ReentSupport_Module__state__V)
                  200097d0    00000004     release_pem4.oem4 (.data:xdc_runtime_Memory_Module__state__V)
                  200097d4    00000002     release_pem4.oem4 (.data:ti_sysbios_family_arm_m3_Hwi_Module_State_0_excActive__A)
                  200097d6    00000001     drivers_cc32xx.aem4 : Capture.oem4 (.data)
                  200097d7    00000001                         : PWM.oem4 (.data)
                  200097d8    00000001                         : UART.oem4 (.data)

.priheap   0    20000310    00008000     UNINITIALIZED
                  20000310    00008000     --HOLE--

.stack     0    2003fc00    00000400     UNINITIALIZED
                  2003fc00    00000400     --HOLE--

.bootVecs 
*          0    00000000    00000008     DSECT
                  00000000    00000008     boot.aem4 : boot.oem4 (.bootVecs)

.resetVecs 
*          0    01000800    0000003c     
                  01000800    0000003c     release_pem4.oem4 (.resetVecs)

.vecs      0    20000000    0000030c     NOLOAD SECTION
                  20000000    0000030c     release_pem4.oem4 (.vecs)

xdc.meta   0    00000000    00000106     COPY SECTION
                  00000000    00000106     release_pem4.oem4 (xdc.meta)

xdc.noload 
*          0    00000000    00000000     COPY SECTION

.binit     0    01000000    00000000     

MODULE SUMMARY

       Module                       code    ro data   rw data
       ------                       ----    -------   -------
    .\
       CC3220SF_LAUNCHXL.obj        20      437       2164   
       capturepwmdisplay.obj        532     0         60     
       main_tirtos.obj              268     0         4      
    +--+----------------------------+-------+---------+---------+
       Total:                       820     437       2228   
                                                             
    C:\Users\ruawe\workspace_v9\tirtos_builds_CC3220SF_LAUNCHXL_release_ccs\Debug\configPkg\package\cfg\
       release_pem4.oem4            1864    1176      3042   
    +--+----------------------------+-------+---------+---------+
       Total:                       1864    1176      3042   
                                                             
    C:/ti/simplelink_cc32xx_sdk_3_10_00_04/kernel/tirtos/packages/ti/dpl/lib/dpl_cc32xx.aem4
       PowerCC32XX_tirtos.oem4      430     0         0      
       SemaphoreP_tirtos.oem4       146     0         0      
       ClockP_tirtos.oem4           118     0         4      
       HwiP_tirtos.oem4             96      0         0      
       SystemP_tirtos.oem4          4       0         0      
    +--+----------------------------+-------+---------+---------+
       Total:                       794     0         4      
                                                             
    C:/ti/simplelink_cc32xx_sdk_3_10_00_04/source/ti/devices/cc32xx/driverlib/ccs/Release/driverlib.a
       prcm.obj                     1604    168       0      
       pin.obj                      280     256       0      
       timer.obj                    290     0         0      
       flash.obj                    72      0         0      
       uart.obj                     48      0         0      
       utils.obj                    6       0         0      
    +--+----------------------------+-------+---------+---------+
       Total:                       2300    424       0      
                                                             
    C:/ti/simplelink_cc32xx_sdk_3_10_00_04/source/ti/display/lib/display.aem4
       DisplayUart.oem4             184     32        0      
       Display.oem4                 174     1         0      
    +--+----------------------------+-------+---------+---------+
       Total:                       358     33        0      
                                                             
    C:/ti/simplelink_cc32xx_sdk_3_10_00_04/source/ti/drivers/lib/drivers_cc32xx.aem4
       UARTCC32XX.oem4              3442    116       0      
       PowerCC32XX.oem4             2308    0         664    
       PWMTimerCC32XX.oem4          1732    108       0      
       CaptureCC32XX.oem4           890     24        8      
       UART.oem4                    186     36        1      
       RingBuf.oem4                 198     0         0      
       PWM.oem4                     172     24        1      
       TimerCC32XX.oem4             184     0         4      
       Capture.oem4                 158     12        1      
       PowerCC32XX_asm.oem4         150     0         0      
       List.oem4                    76      0         0      
    +--+----------------------------+-------+---------+---------+
       Total:                       9496    320       679    
                                                             
    C:\Users\ruawe\workspace_v9\tirtos_builds_CC3220SF_LAUNCHXL_release_ccs\src\sysbios\sysbios.aem4
       BIOS.obj                     9720    0         136    
       m3_Hwi_asm.obj               274     0         0      
       m3_Hwi_asm_switch.obj        102     0         0      
       m3_TaskSupport_asm.obj       36      0         0      
    +--+----------------------------+-------+---------+---------+
       Total:                       10132   0         136    
                                                             
    C:\ti\ccs901\ccs\tools\compiler\ti-cgt-arm_18.12.1.LTS\lib\rtsv7M4_T_le_eabi.lib
       fd_add_t2.asm.obj            438     0         0      
       fd_cmp_t2.asm.obj            268     0         0      
       fd_mul_t2.asm.obj            252     0         0      
       memcpy_t2.asm.obj            156     0         0      
       ull_div_t2.asm.obj           150     0         0      
       memset_t2.asm.obj            122     0         0      
       copy_decompress_lzss.c.obj   104     0         0      
       cpy_tbl.c.obj                76      0         0      
       fd_toi_t2.asm.obj            72      0         0      
       fd_tou_t2.asm.obj            68      0         0      
       u_divt2.asm.obj              64      0         0      
       fs_tod_t2.asm.obj            56      0         0      
       i_tofd_t2.asm.obj            46      0         0      
       _lock.c.obj                  26      0         8      
       args_main.c.obj              24      0         0      
       ll_mul_t2.asm.obj            24      0         0      
       strlen.c.obj                 20      0         0      
       copy_decompress_none.c.obj   14      0         0      
       copy_zero_init.c.obj         12      0         0      
       stkdepth_vars.c.obj          0       0         4      
       div0.asm.obj                 2       0         0      
    +--+----------------------------+-------+---------+---------+
       Total:                       1994    0         12     
                                                             
    C:\ti\simplelink_cc32xx_sdk_3_10_00_04\kernel\tirtos\packages\ti\targets\arm\rtsarm\lib\auto_init.aem4
       auto_init.oem4               160     0         0      
    +--+----------------------------+-------+---------+---------+
       Total:                       160     0         0      
                                                             
    C:\ti\simplelink_cc32xx_sdk_3_10_00_04\kernel\tirtos\packages\ti\targets\arm\rtsarm\lib\boot.aem4
       boot.oem4                    68      0         0      
    +--+----------------------------+-------+---------+---------+
       Total:                       68      0         0      
                                                             
       Stack:                       0       0         1024   
       Linker Generated:            0       578       0      
    +--+----------------------------+-------+---------+---------+
       Grand Total:                 27986   2968      7125   


LINKER GENERATED COPY TABLES

__TI_cinit_table @ 010081e8 records: 2, size/record: 8, table size: 16
	.data: load addr=01007fb0, load size=0000021e bytes, run addr=20009118, run size=000006c1 bytes, compression=lzss
	.bss: load addr=010081e0, load size=00000008 bytes, run addr=20008310, run size=00000e08 bytes, compression=zero_init


LINKER GENERATED HANDLER TABLE

__TI_handler_table @ 010081d0 records: 3, size/record: 4, table size: 12
	index: 0, handler: __TI_decompress_lzss
	index: 1, handler: __TI_decompress_none
	index: 2, handler: __TI_zero_init


GLOBAL SYMBOLS: SORTED ALPHABETICALLY BY Name 

address   name                                                            
-------   ----                                                            
01007e4c  ADC_count                                                       
01007597  Board_init                                                      
010073ef  CC3220SF_LAUNCHXL_initGeneral                                   
01004811  CaptureCC32XX_close                                             
01004723  CaptureCC32XX_control                                           
01007d24  CaptureCC32XX_fxnTable                                          
0100150f  CaptureCC32XX_init                                              
01002801  CaptureCC32XX_open                                              
010043d1  CaptureCC32XX_start                                             
01004ce1  CaptureCC32XX_stop                                              
0100726d  Capture_Params_init                                             
0100783c  Capture_config                                                  
01007e4d  Capture_count                                                   
0100595d  Capture_init                                                    
01005c55  Capture_open                                                    
0100753d  Capture_start                                                   
01007547  ClockP_Params_init                                              
01005171  ClockP_create                                                   
[...]
01007479  ti_sysbios_family_arm_m3_Hwi_disableFxn__E                      
01007479  ti_sysbios_hal_Hwi_HwiProxy_disable__E                          
01007489  ti_sysbios_family_arm_m3_TaskSupport_getStackAlignment__E       
01007489  ti_sysbios_knl_Task_SupportProxy_getStackAlignment__E           
01007499  ti_sysbios_gates_GateHwi_enter__E                               
010074a5  ti_sysbios_knl_Clock_Params__init__S                            
010074b1  ClockP_getSystemTicks                                           
010074b1  ti_sysbios_knl_Clock_getTicks__E                                
010074c1  ti_sysbios_knl_Clock_setTicks__E                                
010074d1  ti_sysbios_knl_Clock_tickStart__E                               
010074e1  ti_sysbios_knl_Clock_tickStop__E                                
010074ed  ti_sysbios_knl_Queue_Object__get__S                             
010074f9  ti_sysbios_knl_Semaphore_Params__init__S                        
01007505  ti_sysbios_knl_Task_Params__init__S                             
01007511  ti_sysbios_knl_Task_self__E                                     
01007521  ti_sysbios_rts_ti_ReentSupport_taskRegHook__I                   
01007531  xdc_runtime_Startup_rtsDone__E                                  
0100753d  Capture_start                                                   
01007547  ClockP_Params_init                                              
01007551  PWM_setDuty                                                     
0100755b  PWM_start                                                       
01007565  UART_close                                                      
0100756f  UART_control                                                    
01007579  UART_write                                                      
01007583  xdc_runtime_Memory_HeapProxy_alloc__E                           
0100758d  xdc_runtime_Memory_HeapProxy_free__E                            
01007597  Board_init                                                      
0100759f  SemaphoreP_Params_init                                          
010075a9  pthread_attr_setstacksize                                       
010075b9  ti_sysbios_family_arm_m3_Hwi_doSwiRestore__I                    
010075c1  ti_sysbios_family_arm_m3_Hwi_startup__E                         
010075c1  ti_sysbios_hal_Hwi_HwiProxy_startup__E                          
010075c1  ti_sysbios_hal_Hwi_startup__E                                   
010075d1  DisplayUartMin_control                                          
010075d7  DisplayUartMin_getType                                          
010075dd  PWMTimerCC32XX_control                                          
010075e3  UtilsDelay                                                      
010075e9  ti_sysbios_family_arm_m3_Hwi_doTaskRestore__I                   
010075f1  HwiP_restore                                                    
010075f1  ti_sysbios_family_arm_m3_Hwi_restoreFxn__E                      
010075f1  ti_sysbios_hal_Hwi_HwiProxy_restore__E                          
010075f9  ti_sysbios_gates_GateHwi_leave__E                               
01007601  ti_sysbios_heaps_HeapMem_isBlocking__E                          
01007609  ti_sysbios_knl_Clock_stop__E                                    
01007611  ti_sysbios_knl_Queue_Instance_init__E                           
01007619  ti_sysbios_knl_Swi_startup__E                                   
01007621  xdc_runtime_System_Module_startup__E                            
01007629  ti_sysbios_family_arm_m3_Timer_getMaxTicks__E                   
01007631  ti_sysbios_gates_GateHwi_query__E                               
01007631  xdc_runtime_Main_Module_GateProxy_query__E                      
01007631  xdc_runtime_System_Module_GateProxy_query__E                    
01007639  ti_sysbios_BIOS_RtsGateProxy_query__E                           
01007639  ti_sysbios_gates_GateMutex_query__E                             
01007639  ti_sysbios_heaps_HeapMem_Module_GateProxy_query__E              
01007641  ti_sysbios_knl_Clock_setTimeout__E                              
01007649  ti_sysbios_knl_Task_startup__E                                  
01007651  xdc_runtime_SysCallback_defaultReady                            
01007659  ti_sysbios_BIOS_linkedWithIncorrectBootLibrary__E               
01007661  ti_sysbios_gates_GateHwi_Instance_init__E                       
01007669  ti_sysbios_knl_Clock_logTick__E                                 
01007671  xdc_runtime_SysCallback_defaultAbort                            
01007679  xdc_runtime_SysCallback_defaultExit                             
01007681  xdc_runtime_SysCallback_defaultPutch                            
01007689  xdc_runtime_System_abortSpin__E                                 
01007691  xdc_runtime_System_exitSpin__E                                  
0100783c  Capture_config                                                  
0100790c  captureCC3220SFHWAttrs                                          
0100795c  uartCC3220SHWAttrs                                              
010079a4  ti_sysbios_knl_Task_Object__PARAMS__C                           
010079e8  PowerCC32XX_config                                              
01007a28  ti_sysbios_family_arm_m3_Hwi_Object__PARAMS__C                  
01007a58  UARTCC32XX_fxnTable                                             
01007a80  ti_sysbios_heaps_HeapMem_Module__FXNS__C                        
01007aa8  PWMTimerCC32XX_fxnTable                                         
01007acc  UART_defaultParams                                              
01007af0  ti_sysbios_gates_GateHwi_Module__FXNS__C                        
01007b14  ti_sysbios_gates_GateMutex_Module__FXNS__C                      
01007b38  ti_sysbios_heaps_HeapMem_Object__PARAMS__C                      
01007b5c  ti_sysbios_knl_Clock_Object__PARAMS__C                          
01007b80  ti_sysbios_knl_Semaphore_Object__PARAMS__C                      
01007ba4  DisplayUartMin_fxnTable                                         
01007c04  ti_sysbios_family_arm_m3_Hwi_Object__DESC__C                    
01007c24  ti_sysbios_gates_GateHwi_Object__DESC__C                        
01007c44  ti_sysbios_gates_GateMutex_Object__DESC__C                      
01007c64  ti_sysbios_heaps_HeapMem_Object__DESC__C                        
01007c84  ti_sysbios_knl_Clock_Object__DESC__C                            
01007ca4  ti_sysbios_knl_Queue_Object__DESC__C                            
01007cc4  ti_sysbios_knl_Semaphore_Object__DESC__C                        
01007ce4  ti_sysbios_knl_Task_Object__DESC__C                             
01007d04  xdc_runtime_Startup_sfxnTab__A                                  
01007d24  CaptureCC32XX_fxnTable                                          
01007d3c  PWM_config                                                      
01007d54  PWM_defaultParams                                               
01007d6c  UART_config                                                     
01007d84  ti_sysbios_gates_GateHwi_Object__PARAMS__C                      
01007d9c  ti_sysbios_gates_GateMutex_Object__PARAMS__C                    
01007db4  ti_sysbios_knl_Queue_Object__PARAMS__C                          
01007dcc  ti_sysbios_knl_Task_hooks__A                                    
01007de4  displayUartHWAttrs                                              
01007e3c  xdc_runtime_Startup_sfxnRts__A                                  
01007e4c  ADC_count                                                       
01007e4d  Capture_count                                                   
01007e4e  CryptoCC32XX_count                                              
01007e4f  Display_count                                                   
01007e50  I2C_count                                                       
01007e51  I2S_count                                                       
01007e52  PWM_count                                                       
01007e53  SDFatFS_count                                                   
01007e54  SD_count                                                        
01007e55  SPI_count                                                       
01007e56  Timer_count                                                     
01007e57  UART_count                                                      
01007e58  Watchdog_count                                                  
01007e59  Display_defaultParams                                           
01007e5a  ti_sysbios_family_arm_m3_Hwi_Module__id__C                      
01007e5c  Display_config                                                  
01007e74  xdc_runtime_Startup_firstFxns__A                                
01007e80  pwmTimerCC3220SHWAttrs                                          
01007e90  ti_sysbios_knl_Idle_funcList__A                                 
01007e98  ti_sysbios_knl_Idle_funcList__C                                 
01007ea0  ti_sysbios_knl_Task_hooks__C                                    
01007eb0  xdc_runtime_Startup_firstFxns__C                                
01007eb8  xdc_runtime_Startup_lastFxns__C                                 
01007ec0  ti_sysbios_family_arm_m3_Hwi_E_alreadyDefined__C                
01007ec4  ti_sysbios_family_arm_m3_Hwi_NUM_INTERRUPTS__C                  
01007ec8  ti_sysbios_family_arm_m3_Hwi_Object__count__C                   
01007ecc  ti_sysbios_family_arm_m3_Hwi_ccr__C                             
01007ed0  ti_sysbios_family_arm_m3_Hwi_excHandlerFunc__C                  
01007ed4  ti_sysbios_family_arm_m3_Hwi_nullIsrFunc__C                     
01007ed8  ti_sysbios_family_arm_m3_Hwi_priGroup__C                        
01007edc  ti_sysbios_family_arm_m3_Hwi_swiDisable__C                      
01007ee0  ti_sysbios_family_arm_m3_Hwi_swiRestore__C                      
01007ee4  ti_sysbios_family_arm_m3_TaskSupport_stackAlignment__C          
01007ee8  ti_sysbios_family_arm_m3_Timer_E_cannotSupport__C               
01007eec  ti_sysbios_family_arm_m3_Timer_startupNeeded__C                 
01007ef0  ti_sysbios_gates_GateMutex_Instance_State_sem__O                
01007ef4  ti_sysbios_heaps_HeapMem_E_memory__C                            
01007ef8  ti_sysbios_heaps_HeapMem_Module__gateObj__C                     
01007efc  ti_sysbios_heaps_HeapMem_Object__count__C                       
01007f00  ti_sysbios_heaps_HeapMem_primaryHeapBaseAddr__C                 
01007f04  ti_sysbios_heaps_HeapMem_primaryHeapEndAddr__C                  
01007f08  ti_sysbios_heaps_HeapMem_reqAlign__C                            
01007f0c  ti_sysbios_knl_Clock_Module_State_clockQ__O                     
01007f10  ti_sysbios_knl_Clock_tickPeriod__C                              
01007f14  ti_sysbios_knl_Mailbox_Instance_State_freeQue__O                
01007f18  ti_sysbios_knl_Mailbox_Object__count__C                         
01007f1c  ti_sysbios_knl_Mailbox_maxTypeAlign__C                          
01007f20  ti_sysbios_knl_Semaphore_Instance_State_pendQ__O                
01007f24  ti_sysbios_knl_Swi_Object__count__C                             
01007f28  ti_sysbios_knl_Task_Module_State_inactiveQ__O                   
01007f2c  ti_sysbios_knl_Task_Object__count__C                            
01007f30  ti_sysbios_knl_Task_Object__heap__C                             
01007f34  ti_sysbios_knl_Task_allBlockedFunc__C                           
01007f38  ti_sysbios_knl_Task_defaultStackHeap__C                         
01007f3c  ti_sysbios_knl_Task_defaultStackSize__C                         
01007f40  ti_sysbios_knl_Task_numConstructedTasks__C                      
01007f44  xdc_runtime_Error_E_memory__C                                   
01007f48  xdc_runtime_Error_policyFxn__C                                  
01007f4c  xdc_runtime_IGateProvider_Interface__BASE__C                    
01007f50  xdc_runtime_IHeap_Interface__BASE__C                            
01007f54  xdc_runtime_IModule_Interface__BASE__C                          
01007f58  xdc_runtime_Memory_defaultHeapInstance__C                       
01007f5c  xdc_runtime_Startup_execImpl__C                                 
01007f60  xdc_runtime_Startup_maxPasses__C                                
01007f64  xdc_runtime_Startup_sfxnRts__C                                  
01007f68  xdc_runtime_Startup_sfxnTab__C                                  
01007f6c  xdc_runtime_SysCallback_abortFxn__C                             
01007f70  xdc_runtime_SysCallback_exitFxn__C                              
01007f74  xdc_runtime_SysCallback_putchFxn__C                             
01007f78  xdc_runtime_SysCallback_readyFxn__C                             
01007f7c  xdc_runtime_System_Module__gateObj__C                           
01007f80  xdc_runtime_System_abortFxn__C                                  
01007f84  xdc_runtime_System_exitFxn__C                                   
01007f88  xdc_runtime_System_extendFxn__C                                 
01007f8c  xdc_runtime_System_maxAtexitHandlers__C                         
01007f90  xdc_runtime_Text_charTab__C                                     
01007f94  xdc_runtime_Text_nameEmpty__C                                   
01007f98  xdc_runtime_Text_nameStatic__C                                  
01007f9c  xdc_runtime_Text_nameUnknown__C                                 
01007fa0  ti_sysbios_family_arm_m3_Timer_Module__id__C                    
01007fa2  ti_sysbios_heaps_HeapMem_Module__id__C                          
01007fa4  xdc_runtime_Memory_Module__id__C                                
01007fa6  xdc_runtime_Text_charCnt__C                                     
01007fa8  xdc_runtime_Text_isLoaded__C                                    
01007faa  ti_sysbios_knl_Clock_tickMode__C                                
01007fab  ti_sysbios_knl_Clock_tickSource__C                              
01007fac  xdc_runtime_Error_policy__C                                     
01007fad  xdc_runtime_Text_charTab__A                                     
01007fb0  __TI_static_base__                                              
010081d0  __TI_Handler_Table_Base                                         
010081dc  __TI_Handler_Table_Limit                                        
010081e8  __TI_CINIT_Base                                                 
010081f8  __TI_CINIT_Limit                                                
20000000  ti_sysbios_family_arm_m3_Hwi_ramVectors                         
20000310  __primary_heap_start__                                          
20008310  __primary_heap_end__                                            
20008710  ti_sysbios_family_arm_m3_Hwi_dispatchTable                      
20008a20  ti_sysbios_knl_Task_Instance_State_0_stack__A                   
20008c20  captureCC3220SFObjects                                          
20008e00  PowerCC32XX_contextSave                                         
20008f2c  uartCC3220SObjects                                              
20009034  pwmTimerCC3220SObjects                                          
2000907c  uartCC3220SRingBuffer                                           
200090bc  pwmParams                                                       
200090d4  captureParams                                                   
200090e0  displayUartObject                                               
200090f4  semParams                                                       
20009100  ClockP_tickPeriod                                               
20009104  capture                                                         
20009108  curInterval                                                     
2000910c  display                                                         
20009110  pwm0                                                            
20009114  ti_sysbios_knl_Task_Instance_State_0_hookEnv__A                 
20009118  PowerCC32XX_module                                              
20009284  parkInfo                                                        
20009404  ti_sysbios_knl_Swi_Module_State_0_readyQ__A                     
20009484  ti_sysbios_knl_Task_Module_State_0_readyQ__A                    
20009504  ti_sysbios_knl_Task_Object__table__V                            
20009560  ti_sysbios_gates_GateMutex_Object__table__V                     
200095b4  ti_sysbios_knl_Task_Module__state__V                            
200095fc  ti_sysbios_family_arm_m3_Hwi_Module__state__V                   
20009630  ti_sysbios_family_arm_m3_Timer_Object__table__V                 
20009660  ti_sysbios_knl_Swi_Object__table__V                             
20009690  ti_sysbios_knl_Clock_Module__state__V                           
200096bc  ti_sysbios_BIOS_Module__state__V                                
200096e0  xdc_runtime_Error_IgnoreBlock                                   
20009700  ti_sysbios_knl_Swi_Module__state__V                             
2000971c  ti_sysbios_family_arm_m3_Hwi_Object__table__V                   
20009734  ti_sysbios_heaps_HeapMem_Object__table__V                       
2000974c  ti_sysbios_family_arm_m3_Timer_Module__state__V                 
20009758  _lock                                                           
2000975c  _unlock                                                         
20009760  ti_sysbios_family_arm_m3_Hwi_Module__root__V                    
20009768  ti_sysbios_gates_GateHwi_Module__root__V                        
20009770  ti_sysbios_gates_GateMutex_Module__root__V                      
20009778  ti_sysbios_heaps_HeapMem_Module__root__V                        
20009780  ti_sysbios_knl_Clock_Module__root__V                            
20009788  ti_sysbios_knl_Queue_Module__root__V                            
20009790  ti_sysbios_knl_Semaphore_Module__root__V                        
20009798  ti_sysbios_knl_Task_Module__root__V                             
200097a0  xdc_runtime_Startup_Module__state__V                            
200097a8  xdc_runtime_System_Module_State_0_atexitHandlers__A             
200097b0  xdc_runtime_System_Module__state__V                             
200097b8  main_func_sp                                                    
200097bc  ti_sysbios_family_arm_m3_Hwi_Module_State_0_excContext__A       
200097c0  ti_sysbios_family_arm_m3_Hwi_Module_State_0_excStack__A         
200097c4  ti_sysbios_gates_GateHwi_Object__table__V                       
200097c8  ti_sysbios_knl_Task_Module_State_0_idleTask__A                  
200097cc  ti_sysbios_rts_ti_ReentSupport_Module__state__V                 
200097d0  xdc_runtime_Memory_Module__state__V                             
200097d4  ti_sysbios_family_arm_m3_Hwi_Module_State_0_excActive__A        
2003fc00  __stack                                                         
20040000  __STACK_END                                                     
e000e000  ti_sysbios_family_arm_m3_Hwi_nvic                               
ffffffff  __TI_pprof_out_hndl                                             
ffffffff  __TI_prof_data_size                                             
ffffffff  __TI_prof_data_start                                            
ffffffff  __binit__                                                       
ffffffff  __c_args__                                                      
ffffffff  binit                                                           
UNDEFED   SHT$$INIT_ARRAY$$Base                                           
UNDEFED   SHT$$INIT_ARRAY$$Limit                                          

[634 symbols]
